Γû▓ Next.js 16.1.6 (Turbopack)

  Creating an optimized production build ...
Γ£ô Compiled successfully in 2.1s
  Running TypeScript ...
  Collecting page data using 31 workers ...
node.exe : Error: export const dynamic = 
"force-static"/export const revalidate no
t configured on route "/api/gallery" with
 "output: export". See more info here: ht
tps://nextjs.org/docs/advanced-features/s
tatic-html-export
At line:1 char:1
+ & "C:\Program Files\nodejs/node.exe" "C
:\Users\lotus\AppData\Roaming\ ...
+ ~~~~~~~~~~~~~~~~~~~~~~~~~~~~~~~~~~~~~~~
~~~~~~~~~~~~~~~~~~~~~~~~~~~~~~
    + CategoryInfo          : NotSpecifi 
   ed: (Error: export c...tic-html-expo  
  rt:String) [], RemoteException
    + FullyQualifiedErrorId : NativeComm 
   andError
 
    at module evaluation (C:\Users\lotus\
Documents\369\369studios\.next\server\chu
nks\[root-of-the-server]__03c4ce75._.js:1
:2176)
    at instantiateModule (C:\Users\lotus\
Documents\369\369studios\.next\server\chu
nks\[turbopack]_runtime.js:740:9)
    at instantiateRuntimeModule (C:\Users
\lotus\Documents\369\369studios\.next\ser
ver\chunks\[turbopack]_runtime.js:768:12)
    at getOrInstantiateRuntimeModule (C:\
Users\lotus\Documents\369\369studios\.nex
t\server\chunks\[turbopack]_runtime.js:78
1:12)
    at Object.m (C:\Users\lotus\Documents
\369\369studios\.next\server\chunks\[turb
opack]_runtime.js:790:18)
    at Object.<anonymous> (C:\Users\lotus
\Documents\369\369studios\.next\server\ap
p\api\gallery\route.js:5:3)

> Build error occurred
Error: Failed to collect page data for /a
pi/gallery
    at ignore-listed frames {
  type: 'Error'
}
